[{"stream_name":"stderr","time":10.474519501,"data":"0.00s - Debugger warning: It seems that frozen modules are being used, which may\n"}
,{"stream_name":"stderr","time":10.474591789,"data":"0.00s - make the debugger miss breakpoints. Please pass -Xfrozen_modules=off\n"}
,{"stream_name":"stderr","time":10.474602094,"data":"0.00s - to python to disable frozen modules.\n"}
,{"stream_name":"stderr","time":10.474605031,"data":"0.00s - Note: Debugging will proceed. Set PYDEVD_DISABLE_FILE_VALIDATION=1 to disable this validation.\n"}
,{"stream_name":"stderr","time":11.213916792,"data":"0.00s - Debugger warning: It seems that frozen modules are being used, which may\n"}
,{"stream_name":"stderr","time":11.213950837,"data":"0.00s - make the debugger miss breakpoints. Please pass -Xfrozen_modules=off\n"}
,{"stream_name":"stderr","time":11.21395578,"data":"0.00s - to python to disable frozen modules.\n"}
,{"stream_name":"stderr","time":11.213959383,"data":"0.00s - Note: Debugging will proceed. Set PYDEVD_DISABLE_FILE_VALIDATION=1 to disable this validation.\n"}
,{"stream_name":"stdout","time":12.629132848,"data":"installing rdkit\n"}
,{"stream_name":"stdout","time":16.330511246,"data":"   ━━━━━━━━━━━━━━━━━━━━━━━━━━━━━━━━━━━━━━━━ 37.4/37.4 MB 55.4 MB/s eta 0:00:00\n"}
,{"stream_name":"stdout","time":16.532540489,"data":"   ━━━━━━━━━━━━━━━━━━━━━━━━━━━━━━━━━━━━━━━━ 37.4/37.4 MB 55.4 MB/s eta 0:00:00\n"}
,{"stream_name":"stdout","time":19.801497155,"data":"installing torch_geometric\n"}
,{"stream_name":"stdout","time":20.94009896,"data":"     ━━━━━━━━━━━━━━━━━━━━━━━━━━━━━━━━━━━━━━━━ 64.4/64.4 kB 3.3 MB/s eta 0:00:00\n"}
,{"stream_name":"stdout","time":21.07997145,"data":"   ━━━━━━━━━━━━━━━━━━━━━━━━━━━━━━━━━━━━━━━━ 1.3/1.3 MB 40.1 MB/s eta 0:00:00\n"}
,{"stream_name":"stdout","time":21.142152179,"data":"     ━━━━━━━━━━━━━━━━━━━━━━━━━━━━━━━━━━━━━━━━ 64.4/64.4 kB 3.3 MB/s eta 0:00:00\n"}
,{"stream_name":"stdout","time":21.142198738,"data":"   ━━━━━━━━━━━━━━━━━━━━━━━━━━━━━━━━━━━━━━━━ 1.3/1.3 MB 40.1 MB/s eta 0:00:00\n"}
,{"stream_name":"stdout","time":35.882991492,"data":"CUDA kernel missing for this GPU; reinstalling broad-CUDA torch (cu121)...\n"}
,{"stream_name":"stdout","time":40.546908656,"data":"     ━━━━━━━━━━━━━━━━━━━━━━━━━━━━━━━━━━━━━ 780.4/780.4 MB 264.3 MB/s eta 0:00:00\n"}
,{"stream_name":"stdout","time":40.749233638,"data":"     ━━━━━━━━━━━━━━━━━━━━━━━━━━━━━━━━━━━━━ 780.4/780.4 MB 264.3 MB/s eta 0:00:00\n"}
,{"stream_name":"stdout","time":43.866139828,"data":"     ━━━━━━━━━━━━━━━━━━━━━━━━━━━━━━━━━━━━━━━ 23.7/23.7 MB 309.1 MB/s eta 0:00:00\n"}
,{"stream_name":"stdout","time":44.071196498,"data":"     ━━━━━━━━━━━━━━━━━━━━━━━━━━━━━━━━━━━━━━━ 23.7/23.7 MB 309.1 MB/s eta 0:00:00\n"}
,{"stream_name":"stdout","time":44.241930887,"data":"     ━━━━━━━━━━━━━━━━━━━━━━━━━━━━━━━━━━━━━ 823.6/823.6 kB 403.6 MB/s eta 0:00:00\n"}
,{"stream_name":"stdout","time":44.441592569,"data":"     ━━━━━━━━━━━━━━━━━━━━━━━━━━━━━━━━━━━━━ 823.6/823.6 kB 403.6 MB/s eta 0:00:00\n"}
,{"stream_name":"stdout","time":44.602708213,"data":"     ━━━━━━━━━━━━━━━━━━━━━━━━━━━━━━━━━━━━━━━ 14.1/14.1 MB 316.2 MB/s eta 0:00:00\n"}
,{"stream_name":"stdout","time":44.804829863,"data":"     ━━━━━━━━━━━━━━━━━━━━━━━━━━━━━━━━━━━━━━━ 14.1/14.1 MB 316.2 MB/s eta 0:00:00\n"}
,{"stream_name":"stdout","time":47.584397729,"data":"     ━━━━━━━━━━━━━━━━━━━━━━━━━━━━━━━━━━━━━ 664.8/664.8 MB 282.6 MB/s eta 0:00:00\n"}
,{"stream_name":"stdout","time":47.786602695,"data":"     ━━━━━━━━━━━━━━━━━━━━━━━━━━━━━━━━━━━━━ 664.8/664.8 MB 282.6 MB/s eta 0:00:00\n"}
,{"stream_name":"stdout","time":50.944342248,"data":"     ━━━━━━━━━━━━━━━━━━━━━━━━━━━━━━━━━━━━━ 410.6/410.6 MB 366.6 MB/s eta 0:00:00\n"}
,{"stream_name":"stdout","time":51.146607777,"data":"     ━━━━━━━━━━━━━━━━━━━━━━━━━━━━━━━━━━━━━ 410.6/410.6 MB 366.6 MB/s eta 0:00:00\n"}
,{"stream_name":"stdout","time":52.999495413,"data":"     ━━━━━━━━━━━━━━━━━━━━━━━━━━━━━━━━━━━━━ 121.6/121.6 MB 337.0 MB/s eta 0:00:00\n"}
,{"stream_name":"stdout","time":53.201670219,"data":"     ━━━━━━━━━━━━━━━━━━━━━━━━━━━━━━━━━━━━━ 121.6/121.6 MB 337.0 MB/s eta 0:00:00\n"}
,{"stream_name":"stdout","time":53.821712592,"data":"     ━━━━━━━━━━━━━━━━━━━━━━━━━━━━━━━━━━━━━━━ 56.5/56.5 MB 376.2 MB/s eta 0:00:00\n"}
,{"stream_name":"stdout","time":54.024339807,"data":"     ━━━━━━━━━━━━━━━━━━━━━━━━━━━━━━━━━━━━━━━ 56.5/56.5 MB 376.2 MB/s eta 0:00:00\n"}
,{"stream_name":"stdout","time":54.631617855,"data":"     ━━━━━━━━━━━━━━━━━━━━━━━━━━━━━━━━━━━━━ 124.2/124.2 MB 371.2 MB/s eta 0:00:00\n"}
,{"stream_name":"stdout","time":54.833615341,"data":"     ━━━━━━━━━━━━━━━━━━━━━━━━━━━━━━━━━━━━━ 124.2/124.2 MB 371.2 MB/s eta 0:00:00\n"}
,{"stream_name":"stdout","time":55.664025316,"data":"     ━━━━━━━━━━━━━━━━━━━━━━━━━━━━━━━━━━━━━ 196.0/196.0 MB 378.1 MB/s eta 0:00:00\n"}
,{"stream_name":"stdout","time":55.866056538,"data":"     ━━━━━━━━━━━━━━━━━━━━━━━━━━━━━━━━━━━━━ 196.0/196.0 MB 378.1 MB/s eta 0:00:00\n"}
,{"stream_name":"stdout","time":57.171162342,"data":"     ━━━━━━━━━━━━━━━━━━━━━━━━━━━━━━━━━━━━━ 188.7/188.7 MB 381.4 MB/s eta 0:00:00\n"}
,{"stream_name":"stdout","time":57.373154173,"data":"     ━━━━━━━━━━━━━━━━━━━━━━━━━━━━━━━━━━━━━ 188.7/188.7 MB 381.4 MB/s eta 0:00:00\n"}
,{"stream_name":"stdout","time":57.854953356,"data":"     ━━━━━━━━━━━━━━━━━━━━━━━━━━━━━━━━━━━━━━━ 99.1/99.1 kB 303.1 MB/s eta 0:00:00\n"}
,{"stream_name":"stdout","time":58.055452199,"data":"     ━━━━━━━━━━━━━━━━━━━━━━━━━━━━━━━━━━━━━━━ 99.1/99.1 kB 303.1 MB/s eta 0:00:00\n"}
,{"stream_name":"stdout","time":58.848295074,"data":"     ━━━━━━━━━━━━━━━━━━━━━━━━━━━━━━━━━━━━━ 209.6/209.6 MB 218.7 MB/s eta 0:00:00\n"}
,{"stream_name":"stdout","time":59.050421426,"data":"     ━━━━━━━━━━━━━━━━━━━━━━━━━━━━━━━━━━━━━ 209.6/209.6 MB 218.7 MB/s eta 0:00:00\n"}
,{"stream_name":"stdout","time":60.017423176,"data":"   ━━━━━━━━━━━━━━━━━━━━━━━━━━━━━━━━━━━━━━━━ 6.2/6.2 MB 155.2 MB/s eta 0:00:00\n"}
,{"stream_name":"stdout","time":60.029051844,"data":"   ━━━━━━━━━━━━━━━━━━━━━━━━━━━━━━━━━━━━━━━━ 44.6/44.6 kB 157.7 MB/s eta 0:00:00\n"}
,{"stream_name":"stdout","time":60.046024541,"data":"   ━━━━━━━━━━━━━━━━━━━━━━━━━━━━━━━━━━━━━━━ 203.4/203.4 kB 265.3 MB/s eta 0:00:00\n"}
,{"stream_name":"stdout","time":60.056322677,"data":"   ━━━━━━━━━━━━━━━━━━━━━━━━━━━━━━━━━━━━━━━ 134.9/134.9 kB 318.8 MB/s eta 0:00:00\n"}
,{"stream_name":"stdout","time":60.072019754,"data":"   ━━━━━━━━━━━━━━━━━━━━━━━━━━━━━━━━━━━━━━━━ 2.1/2.1 MB 282.0 MB/s eta 0:00:00\n"}
,{"stream_name":"stdout","time":60.08662309,"data":"   ━━━━━━━━━━━━━━━━━━━━━━━━━━━━━━━━━━━━━━━━ 1.3/1.3 MB 354.6 MB/s eta 0:00:00\n"}
,{"stream_name":"stdout","time":60.105295665,"data":"   ━━━━━━━━━━━━━━━━━━━━━━━━━━━━━━━━━━━━━━━ 536.2/536.2 kB 367.1 MB/s eta 0:00:00\n"}
,{"stream_name":"stdout","time":60.220373853,"data":"   ━━━━━━━━━━━━━━━━━━━━━━━━━━━━━━━━━━━━━━━━ 6.2/6.2 MB 155.2 MB/s eta 0:00:00\n"}
,{"stream_name":"stdout","time":60.220405113,"data":"   ━━━━━━━━━━━━━━━━━━━━━━━━━━━━━━━━━━━━━━━━ 44.6/44.6 kB 157.7 MB/s eta 0:00:00\n"}
,{"stream_name":"stdout","time":60.220415424,"data":"   ━━━━━━━━━━━━━━━━━━━━━━━━━━━━━━━━━━━━━━━ 203.4/203.4 kB 265.3 MB/s eta 0:00:00\n"}
,{"stream_name":"stdout","time":60.220418847,"data":"   ━━━━━━━━━━━━━━━━━━━━━━━━━━━━━━━━━━━━━━━ 134.9/134.9 kB 318.8 MB/s eta 0:00:00\n"}
,{"stream_name":"stdout","time":60.220421886,"data":"   ━━━━━━━━━━━━━━━━━━━━━━━━━━━━━━━━━━━━━━━━ 2.1/2.1 MB 282.0 MB/s eta 0:00:00\n"}
,{"stream_name":"stdout","time":60.220424999,"data":"   ━━━━━━━━━━━━━━━━━━━━━━━━━━━━━━━━━━━━━━━━ 1.3/1.3 MB 354.6 MB/s eta 0:00:00\n"}
,{"stream_name":"stdout","time":60.220428007,"data":"   ━━━━━━━━━━━━━━━━━━━━━━━━━━━━━━━━━━━━━━━ 536.2/536.2 kB 367.1 MB/s eta 0:00:00\n"}
,{"stream_name":"stdout","time":60.242605056,"data":"   ━━━━━━━━━━━━━━━━━━━━━━━━━━━━━━━━━━━━━━━━ 39.7/39.7 MB 311.9 MB/s eta 0:00:00\n"}
,{"stream_name":"stdout","time":60.444763535,"data":"   ━━━━━━━━━━━━━━━━━━━━━━━━━━━━━━━━━━━━━━━━ 39.7/39.7 MB 311.9 MB/s eta 0:00:00\n"}
,{"stream_name":"stderr","time":243.444202728,"data":"ERROR: pip's dependency resolver does not currently take into account all the packages that are installed. This behaviour is the source of the following dependency conflicts.\n"}
,{"stream_name":"stderr","time":243.444274943,"data":"bigframes 2.39.0 requires google-cloud-bigquery-storage\u003c3.0.0,\u003e=2.30.0, which is not installed.\n"}
,{"stream_name":"stderr","time":243.444284074,"data":"google-adk 1.29.0 requires google-cloud-bigquery-storage\u003e=2.0.0, which is not installed.\n"}
,{"stream_name":"stderr","time":243.444289323,"data":"google-colab 1.0.0 requires jupyter-server==2.14.0, but you have jupyter-server 2.12.5 which is incompatible.\n"}
,{"stream_name":"stderr","time":243.444294719,"data":"google-colab 1.0.0 requires pandas==2.2.2, but you have pandas 2.3.3 which is incompatible.\n"}
,{"stream_name":"stderr","time":243.444299511,"data":"dopamine-rl 4.1.2 requires gym\u003c=0.25.2, but you have gym 0.26.2 which is incompatible.\n"}
,{"stream_name":"stderr","time":243.444304904,"data":"torchaudio 2.10.0+cu128 requires torch==2.10.0, but you have torch 2.5.1+cu121 which is incompatible.\n"}
,{"stream_name":"stderr","time":243.444310225,"data":"torchvision 0.25.0+cu128 requires torch==2.10.0, but you have torch 2.5.1+cu121 which is incompatible.\n"}
,{"stream_name":"stderr","time":243.444314935,"data":"gcsfs 2025.3.0 requires fsspec==2025.3.0, but you have fsspec 2026.4.0 which is incompatible.\n"}
,{"stream_name":"stderr","time":243.650109096,"data":"ERROR: pip's dependency resolver does not currently take into account all the packages that are installed. This behaviour is the source of the following dependency conflicts.\n"}
,{"stream_name":"stderr","time":243.650138483,"data":"bigframes 2.39.0 requires google-cloud-bigquery-storage\u003c3.0.0,\u003e=2.30.0, which is not installed.\n"}
,{"stream_name":"stderr","time":243.650145127,"data":"google-adk 1.29.0 requires google-cloud-bigquery-storage\u003e=2.0.0, which is not installed.\n"}
,{"stream_name":"stderr","time":243.650149859,"data":"google-colab 1.0.0 requires jupyter-server==2.14.0, but you have jupyter-server 2.12.5 which is incompatible.\n"}
,{"stream_name":"stderr","time":243.65015485200001,"data":"google-colab 1.0.0 requires pandas==2.2.2, but you have pandas 2.3.3 which is incompatible.\n"}
,{"stream_name":"stderr","time":243.650161048,"data":"dopamine-rl 4.1.2 requires gym\u003c=0.25.2, but you have gym 0.26.2 which is incompatible.\n"}
,{"stream_name":"stderr","time":243.650170139,"data":"torchaudio 2.10.0+cu128 requires torch==2.10.0, but you have torch 2.5.1+cu121 which is incompatible.\n"}
,{"stream_name":"stderr","time":243.650173962,"data":"torchvision 0.25.0+cu128 requires torch==2.10.0, but you have torch 2.5.1+cu121 which is incompatible.\n"}
,{"stream_name":"stderr","time":243.650177336,"data":"gcsfs 2025.3.0 requires fsspec==2025.3.0, but you have fsspec 2026.4.0 which is incompatible.\n"}
,{"stream_name":"stderr","time":243.650180764,"data":"\n"}
,{"stream_name":"stderr","time":243.650186531,"data":"ERROR: pip's dependency resolver does not currently take into account all the packages that are installed. This behaviour is the source of the following dependency conflicts.\n"}
,{"stream_name":"stderr","time":243.65018984,"data":"bigframes 2.39.0 requires google-cloud-bigquery-storage\u003c3.0.0,\u003e=2.30.0, which is not installed.\n"}
,{"stream_name":"stderr","time":243.650193024,"data":"google-adk 1.29.0 requires google-cloud-bigquery-storage\u003e=2.0.0, which is not installed.\n"}
,{"stream_name":"stderr","time":243.650196114,"data":"google-colab 1.0.0 requires jupyter-server==2.14.0, but you have jupyter-server 2.12.5 which is incompatible.\n"}
,{"stream_name":"stderr","time":243.650207703,"data":"google-colab 1.0.0 requires pandas==2.2.2, but you have pandas 2.3.3 which is incompatible.\n"}
,{"stream_name":"stderr","time":243.650210241,"data":"dopamine-rl 4.1.2 requires gym\u003c=0.25.2, but you have gym 0.26.2 which is incompatible.\n"}
,{"stream_name":"stderr","time":243.650212713,"data":"torchaudio 2.10.0+cu128 requires torch==2.10.0, but you have torch 2.5.1+cu121 which is incompatible.\n"}
,{"stream_name":"stderr","time":243.650215051,"data":"torchvision 0.25.0+cu128 requires torch==2.10.0, but you have torch 2.5.1+cu121 which is incompatible.\n"}
,{"stream_name":"stderr","time":243.650217481,"data":"gcsfs 2025.3.0 requires fsspec==2025.3.0, but you have fsspec 2026.4.0 which is incompatible.\n"}
,{"stream_name":"stdout","time":245.980552267,"data":"     ━━━━━━━━━━━━━━━━━━━━━━━━━━━━━━━━━━━━━━━━ 79.5/79.5 kB 13.5 MB/s eta 0:00:00\n"}
,{"stream_name":"stdout","time":246.171653819,"data":"   ━━━━━━━━━━━━━━━━━━━━━━━━━━━━━━━━━━━━━━━━ 16.7/16.7 MB 302.7 MB/s eta 0:00:00\n"}
,{"stream_name":"stdout","time":246.182618841,"data":"     ━━━━━━━━━━━━━━━━━━━━━━━━━━━━━━━━━━━━━━━━ 79.5/79.5 kB 13.5 MB/s eta 0:00:00\n"}
,{"stream_name":"stdout","time":246.182641397,"data":"   ━━━━━━━━━━━━━━━━━━━━━━━━━━━━━━━━━━━━━━━━ 16.7/16.7 MB 302.7 MB/s eta 0:00:00\n"}
,{"stream_name":"stdout","time":246.219734624,"data":"   ━━━━━━━━━━━━━━━━━━━━━━━━━━━━━━━━━━━━━━━━ 11.0/11.0 MB 296.3 MB/s eta 0:00:00\n"}
,{"stream_name":"stdout","time":246.22930852,"data":"   ━━━━━━━━━━━━━━━━━━━━━━━━━━━━━━━━━━━━━━━ 229.9/229.9 kB 385.4 MB/s eta 0:00:00\n"}
,{"stream_name":"stdout","time":246.421622405,"data":"   ━━━━━━━━━━━━━━━━━━━━━━━━━━━━━━━━━━━━━━━━ 11.0/11.0 MB 296.3 MB/s eta 0:00:00\n"}
,{"stream_name":"stdout","time":246.421678361,"data":"   ━━━━━━━━━━━━━━━━━━━━━━━━━━━━━━━━━━━━━━━ 229.9/229.9 kB 385.4 MB/s eta 0:00:00\n"}
,{"stream_name":"stderr","time":262.226469286,"data":"ERROR: pip's dependency resolver does not currently take into account all the packages that are installed. This behaviour is the source of the following dependency conflicts.\n"}
,{"stream_name":"stderr","time":262.226530965,"data":"bigframes 2.39.0 requires google-cloud-bigquery-storage\u003c3.0.0,\u003e=2.30.0, which is not installed.\n"}
,{"stream_name":"stderr","time":262.22653944,"data":"google-adk 1.29.0 requires google-cloud-bigquery-storage\u003e=2.0.0, which is not installed.\n"}
,{"stream_name":"stderr","time":262.226544543,"data":"ydata-profiling 4.18.4 requires numpy\u003c2.4,\u003e=1.22, but you have numpy 2.5.1 which is incompatible.\n"}
,{"stream_name":"stderr","time":262.226550019,"data":"ydata-profiling 4.18.4 requires pandas!=1.4.0,\u003c3.0,\u003e1.5, but you have pandas 3.0.5 which is incompatible.\n"}
,{"stream_name":"stderr","time":262.226554842,"data":"google-colab 1.0.0 requires jupyter-server==2.14.0, but you have jupyter-server 2.12.5 which is incompatible.\n"}
,{"stream_name":"stderr","time":262.226559558,"data":"google-colab 1.0.0 requires pandas==2.2.2, but you have pandas 3.0.5 which is incompatible.\n"}
,{"stream_name":"stderr","time":262.226564095,"data":"dopamine-rl 4.1.2 requires gym\u003c=0.25.2, but you have gym 0.26.2 which is incompatible.\n"}
,{"stream_name":"stderr","time":262.226585876,"data":"moviepy 1.0.3 requires decorator\u003c5.0,\u003e=4.0.2, but you have decorator 5.3.1 which is incompatible.\n"}
,{"stream_name":"stderr","time":262.226588915,"data":"bqplot 0.12.45 requires pandas\u003c3.0.0,\u003e=1.0.0, but you have pandas 3.0.5 which is incompatible.\n"}
,{"stream_name":"stderr","time":262.226591513,"data":"torchvision 0.25.0+cu128 requires torch==2.10.0, but you have torch 2.5.1+cu121 which is incompatible.\n"}
,{"stream_name":"stderr","time":262.226594039,"data":"cudf-cu12 26.2.1 requires pandas\u003c2.4.0,\u003e=2.0, but you have pandas 3.0.5 which is incompatible.\n"}
,{"stream_name":"stderr","time":262.226596495,"data":"numba 0.60.0 requires numpy\u003c2.1,\u003e=1.22, but you have numpy 2.5.1 which is incompatible.\n"}
,{"stream_name":"stderr","time":262.226598978,"data":"dask-cudf-cu12 26.2.1 requires pandas\u003c2.4.0,\u003e=2.0, but you have pandas 3.0.5 which is incompatible.\n"}
,{"stream_name":"stderr","time":262.2266014,"data":"db-dtypes 1.5.1 requires pandas\u003c3.0.0,\u003e=1.5.3, but you have pandas 3.0.5 which is incompatible.\n"}
,{"stream_name":"stderr","time":262.226603853,"data":"gradio 5.50.0 requires pandas\u003c3.0,\u003e=1.0, but you have pandas 3.0.5 which is incompatible.\n"}
,{"stream_name":"stderr","time":262.428688209,"data":"ERROR: pip's dependency resolver does not currently take into account all the packages that are installed. This behaviour is the source of the following dependency conflicts.\n"}
,{"stream_name":"stderr","time":262.42872179,"data":"bigframes 2.39.0 requires google-cloud-bigquery-storage\u003c3.0.0,\u003e=2.30.0, which is not installed.\n"}
,{"stream_name":"stderr","time":262.428727695,"data":"google-adk 1.29.0 requires google-cloud-bigquery-storage\u003e=2.0.0, which is not installed.\n"}
,{"stream_name":"stderr","time":262.428731449,"data":"ydata-profiling 4.18.4 requires numpy\u003c2.4,\u003e=1.22, but you have numpy 2.5.1 which is incompatible.\n"}
,{"stream_name":"stderr","time":262.428734942,"data":"ydata-profiling 4.18.4 requires pandas!=1.4.0,\u003c3.0,\u003e1.5, but you have pandas 3.0.5 which is incompatible.\n"}
,{"stream_name":"stderr","time":262.428738452,"data":"google-colab 1.0.0 requires jupyter-server==2.14.0, but you have jupyter-server 2.12.5 which is incompatible.\n"}
,{"stream_name":"stderr","time":262.42877457,"data":"google-colab 1.0.0 requires pandas==2.2.2, but you have pandas 3.0.5 which is incompatible.\n"}
,{"stream_name":"stderr","time":262.428789704,"data":"dopamine-rl 4.1.2 requires gym\u003c=0.25.2, but you have gym 0.26.2 which is incompatible.\n"}
,{"stream_name":"stderr","time":262.428793827,"data":"moviepy 1.0.3 requires decorator\u003c5.0,\u003e=4.0.2, but you have decorator 5.3.1 which is incompatible.\n"}
,{"stream_name":"stderr","time":262.428797757,"data":"bqplot 0.12.45 requires pandas\u003c3.0.0,\u003e=1.0.0, but you have pandas 3.0.5 which is incompatible.\n"}
,{"stream_name":"stderr","time":262.428802407,"data":"torchvision 0.25.0+cu128 requires torch==2.10.0, but you have torch 2.5.1+cu121 which is incompatible.\n"}
,{"stream_name":"stderr","time":262.428806692,"data":"cudf-cu12 26.2.1 requires pandas\u003c2.4.0,\u003e=2.0, but you have pandas 3.0.5 which is incompatible.\n"}
,{"stream_name":"stderr","time":262.428810432,"data":"numba 0.60.0 requires numpy\u003c2.1,\u003e=1.22, but you have numpy 2.5.1 which is incompatible.\n"}
,{"stream_name":"stderr","time":262.428814567,"data":"dask-cudf-cu12 26.2.1 requires pandas\u003c2.4.0,\u003e=2.0, but you have pandas 3.0.5 which is incompatible.\n"}
,{"stream_name":"stderr","time":262.428818819,"data":"db-dtypes 1.5.1 requires pandas\u003c3.0.0,\u003e=1.5.3, but you have pandas 3.0.5 which is incompatible.\n"}
,{"stream_name":"stderr","time":262.4288352,"data":"gradio 5.50.0 requires pandas\u003c3.0,\u003e=1.0, but you have pandas 3.0.5 which is incompatible.\n"}
,{"stream_name":"stderr","time":262.4288392,"data":"\n"}
,{"stream_name":"stderr","time":262.428842502,"data":"ERROR: pip's dependency resolver does not currently take into account all the packages that are installed. This behaviour is the source of the following dependency conflicts.\n"}
,{"stream_name":"stderr","time":262.428846174,"data":"bigframes 2.39.0 requires google-cloud-bigquery-storage\u003c3.0.0,\u003e=2.30.0, which is not installed.\n"}
,{"stream_name":"stderr","time":262.428849614,"data":"google-adk 1.29.0 requires google-cloud-bigquery-storage\u003e=2.0.0, which is not installed.\n"}
,{"stream_name":"stderr","time":262.428855157,"data":"ydata-profiling 4.18.4 requires numpy\u003c2.4,\u003e=1.22, but you have numpy 2.5.1 which is incompatible.\n"}
,{"stream_name":"stderr","time":262.428858927,"data":"ydata-profiling 4.18.4 requires pandas!=1.4.0,\u003c3.0,\u003e1.5, but you have pandas 3.0.5 which is incompatible.\n"}
,{"stream_name":"stderr","time":262.428862555,"data":"google-colab 1.0.0 requires jupyter-server==2.14.0, but you have jupyter-server 2.12.5 which is incompatible.\n"}
,{"stream_name":"stderr","time":262.428866244,"data":"google-colab 1.0.0 requires pandas==2.2.2, but you have pandas 3.0.5 which is incompatible.\n"}
,{"stream_name":"stderr","time":262.428869788,"data":"dopamine-rl 4.1.2 requires gym\u003c=0.25.2, but you have gym 0.26.2 which is incompatible.\n"}
,{"stream_name":"stderr","time":262.428873459,"data":"moviepy 1.0.3 requires decorator\u003c5.0,\u003e=4.0.2, but you have decorator 5.3.1 which is incompatible.\n"}
,{"stream_name":"stderr","time":262.428877249,"data":"bqplot 0.12.45 requires pandas\u003c3.0.0,\u003e=1.0.0, but you have pandas 3.0.5 which is incompatible.\n"}
,{"stream_name":"stderr","time":262.428880833,"data":"torchvision 0.25.0+cu128 requires torch==2.10.0, but you have torch 2.5.1+cu121 which is incompatible.\n"}
,{"stream_name":"stderr","time":262.42888523,"data":"cudf-cu12 26.2.1 requires pandas\u003c2.4.0,\u003e=2.0, but you have pandas 3.0.5 which is incompatible.\n"}
,{"stream_name":"stderr","time":262.42888936,"data":"numba 0.60.0 requires numpy\u003c2.1,\u003e=1.22, but you have numpy 2.5.1 which is incompatible.\n"}
,{"stream_name":"stderr","time":262.428893467,"data":"dask-cudf-cu12 26.2.1 requires pandas\u003c2.4.0,\u003e=2.0, but you have pandas 3.0.5 which is incompatible.\n"}
,{"stream_name":"stderr","time":262.428897124,"data":"db-dtypes 1.5.1 requires pandas\u003c3.0.0,\u003e=1.5.3, but you have pandas 3.0.5 which is incompatible.\n"}
,{"stream_name":"stderr","time":262.428900693,"data":"gradio 5.50.0 requires pandas\u003c3.0,\u003e=1.0, but you have pandas 3.0.5 which is incompatible.\n"}
,{"stream_name":"stdout","time":265.168154081,"data":"post-reinstall probe rc: 0 out: OK err: \n"}
,{"stream_name":"stderr","time":279.608358396,"data":"Traceback (most recent call last):\n"}
,{"stream_name":"stderr","time":279.608404555,"data":"  File \"\u003cstring\u003e\", line 1, in \u003cmodule\u003e\n"}
,{"stream_name":"stderr","time":279.60841191,"data":"  File \"/usr/local/lib/python3.12/dist-packages/papermill/execute.py\", line 131, in execute_notebook\n"}
,{"stream_name":"stderr","time":279.608519332,"data":"    raise_for_execution_errors(nb, output_path)\n"}
,{"stream_name":"stderr","time":279.608551325,"data":"  File \"/usr/local/lib/python3.12/dist-packages/papermill/execute.py\", line 251, in raise_for_execution_errors\n"}
,{"stream_name":"stderr","time":279.608760905,"data":"    raise error\n"}
,{"stream_name":"stderr","time":279.609203432,"data":"papermill.exceptions.PapermillExecutionError: \n"}
,{"stream_name":"stderr","time":279.609226696,"data":"---------------------------------------------------------------------------\n"}
,{"stream_name":"stderr","time":279.609230613,"data":"Exception encountered at \"In [1]\":\n"}
,{"stream_name":"stderr","time":279.609235714,"data":"---------------------------------------------------------------------------\n"}
,{"stream_name":"stderr","time":279.609239893,"data":"AttributeError                            Traceback (most recent call last)\n"}
,{"stream_name":"stderr","time":279.609243006,"data":"/tmp/ipykernel_24/998388076.py in \u003ccell line: 0\u003e()\n"}
,{"stream_name":"stderr","time":279.609246815,"data":"     58 RDLogger.DisableLog(\"rdApp.*\")\n"}
,{"stream_name":"stderr","time":279.609250546,"data":"     59 from rdkit.Chem import Descriptors, AllChem, MACCSkeys, rdMolDescriptors, Crippen, GraphDescriptors\n"}
,{"stream_name":"stderr","time":279.609254112,"data":"---\u003e 60 from sklearn.metrics import r2_score\n"}
,{"stream_name":"stderr","time":279.60925722,"data":"     61 from sklearn.model_selection import GroupKFold, train_test_split\n"}
,{"stream_name":"stderr","time":279.609260541,"data":"     62 from sklearn.preprocessing import StandardScaler\n"}
,{"stream_name":"stderr","time":279.609264374,"data":"\n"}
,{"stream_name":"stderr","time":279.609280046,"data":"/usr/local/lib/python3.12/dist-packages/sklearn/__init__.py in \u003cmodule\u003e\n"}
,{"stream_name":"stderr","time":279.609283954,"data":"     71     _distributor_init,\n"}
,{"stream_name":"stderr","time":279.609287657,"data":"     72 )\n"}
,{"stream_name":"stderr","time":279.609291017,"data":"---\u003e 73 from .base import clone  # noqa: E402\n"}
,{"stream_name":"stderr","time":279.609294674,"data":"     74 from .utils._show_versions import show_versions  # noqa: E402\n"}
,{"stream_name":"stderr","time":279.609298164,"data":"     75 \n"}
,{"stream_name":"stderr","time":279.609301395,"data":"\n"}
,{"stream_name":"stderr","time":279.60930452,"data":"/usr/local/lib/python3.12/dist-packages/sklearn/base.py in \u003cmodule\u003e\n"}
,{"stream_name":"stderr","time":279.609307912,"data":"     17 from ._config import config_context, get_config\n"}
,{"stream_name":"stderr","time":279.609311689,"data":"     18 from .exceptions import InconsistentVersionWarning\n"}
,{"stream_name":"stderr","time":279.609314955,"data":"---\u003e 19 from .utils._estimator_html_repr import _HTMLDocumentationLinkMixin, estimator_html_repr\n"}
,{"stream_name":"stderr","time":279.609318225,"data":"     20 from .utils._metadata_requests import _MetadataRequester, _routing_enabled\n"}
,{"stream_name":"stderr","time":279.609321716,"data":"     21 from .utils._param_validation import validate_parameter_constraints\n"}
,{"stream_name":"stderr","time":279.609325117,"data":"\n"}
,{"stream_name":"stderr","time":279.609328204,"data":"/usr/local/lib/python3.12/dist-packages/sklearn/utils/__init__.py in \u003cmodule\u003e\n"}
,{"stream_name":"stderr","time":279.609331887,"data":"     13 from . import _joblib, metadata_routing\n"}
,{"stream_name":"stderr","time":279.609335399,"data":"     14 from ._bunch import Bunch\n"}
,{"stream_name":"stderr","time":279.609338643,"data":"---\u003e 15 from ._chunking import gen_batches, gen_even_slices\n"}
,{"stream_name":"stderr","time":279.609342127,"data":"     16 from ._estimator_html_repr import estimator_html_repr\n"}
,{"stream_name":"stderr","time":279.609345589,"data":"     17 \n"}
,{"stream_name":"stderr","time":279.60934901,"data":"\n"}
,{"stream_name":"stderr","time":279.609352145,"data":"/usr/local/lib/python3.12/dist-packages/sklearn/utils/_chunking.py in \u003cmodule\u003e\n"}
,{"stream_name":"stderr","time":279.6093604,"data":"      9 \n"}
,{"stream_name":"stderr","time":279.609363831,"data":"     10 from .._config import get_config\n"}
,{"stream_name":"stderr","time":279.609367527,"data":"---\u003e 11 from ._param_validation import Interval, validate_params\n"}
,{"stream_name":"stderr","time":279.609370806,"data":"     12 \n"}
,{"stream_name":"stderr","time":279.609374159,"data":"     13 \n"}
,{"stream_name":"stderr","time":279.609377095,"data":"\n"}
,{"stream_name":"stderr","time":279.609380498,"data":"/usr/local/lib/python3.12/dist-packages/sklearn/utils/_param_validation.py in \u003cmodule\u003e\n"}
,{"stream_name":"stderr","time":279.60938373,"data":"     12 \n"}
,{"stream_name":"stderr","time":279.60938687,"data":"     13 import numpy as np\n"}
,{"stream_name":"stderr","time":279.609391126,"data":"---\u003e 14 from scipy.sparse import csr_matrix, issparse\n"}
,{"stream_name":"stderr","time":279.609395865,"data":"     15 \n"}
,{"stream_name":"stderr","time":279.609399334,"data":"     16 from .._config import config_context, get_config\n"}
,{"stream_name":"stderr","time":279.609402724,"data":"\n"}
,{"stream_name":"stderr","time":279.609406241,"data":"/usr/local/lib/python3.12/dist-packages/scipy/sparse/__init__.py in \u003cmodule\u003e\n"}
,{"stream_name":"stderr","time":279.609409977,"data":"    302 import importlib as _importlib\n"}
,{"stream_name":"stderr","time":279.609413492,"data":"    303 \n"}
,{"stream_name":"stderr","time":279.609416867,"data":"--\u003e 304 from ._base import *\n"}
,{"stream_name":"stderr","time":279.609420285,"data":"    305 from ._csr import *\n"}
,{"stream_name":"stderr","time":279.609423717,"data":"    306 from ._csc import *\n"}
,{"stream_name":"stderr","time":279.609427295,"data":"\n"}
,{"stream_name":"stderr","time":279.609430529,"data":"/usr/local/lib/python3.12/dist-packages/scipy/sparse/_base.py in \u003cmodule\u003e\n"}
,{"stream_name":"stderr","time":279.609434321,"data":"      6 import operator\n"}
,{"stream_name":"stderr","time":279.609437633,"data":"      7 \n"}
,{"stream_name":"stderr","time":279.609441064,"data":"----\u003e 8 from ._sputils import (asmatrix, check_reshape_kwargs, check_shape,\n"}
,{"stream_name":"stderr","time":279.609444682,"data":"      9                        get_sum_dtype, isdense, isscalarlike, _todata,\n"}
,{"stream_name":"stderr","time":279.609448264,"data":"     10                        matrix, validateaxis, getdtype, is_pydata_spmatrix)\n"}
,{"stream_name":"stderr","time":279.609451828,"data":"\n"}
,{"stream_name":"stderr","time":279.609455012,"data":"/usr/local/lib/python3.12/dist-packages/scipy/sparse/_sputils.py in \u003cmodule\u003e\n"}
,{"stream_name":"stderr","time":279.60945883,"data":"      8 from math import prod\n"}
,{"stream_name":"stderr","time":279.609462614,"data":"      9 import scipy.sparse as sp\n"}
,{"stream_name":"stderr","time":279.609466257,"data":"---\u003e 10 from scipy._lib._util import np_long, np_ulong\n"}
,{"stream_name":"stderr","time":279.609470245,"data":"     11 \n"}
,{"stream_name":"stderr","time":279.609473967,"data":"     12 \n"}
,{"stream_name":"stderr","time":279.609477392,"data":"\n"}
,{"stream_name":"stderr","time":279.60948062,"data":"/usr/local/lib/python3.12/dist-packages/scipy/_lib/_util.py in \u003cmodule\u003e\n"}
,{"stream_name":"stderr","time":279.609484374,"data":"     12 \n"}
,{"stream_name":"stderr","time":279.609487692,"data":"     13 import numpy as np\n"}
,{"stream_name":"stderr","time":279.609491386,"data":"---\u003e 14 from scipy._lib._array_api import (Array, array_namespace, is_lazy_array,\n"}
,{"stream_name":"stderr","time":279.609498835,"data":"     15                                    is_numpy, is_marray, xp_result_device,\n"}
,{"stream_name":"stderr","time":279.60950291,"data":"     16                                    xp_size, xp_result_type)\n"}
,{"stream_name":"stderr","time":279.609506771,"data":"\n"}
,{"stream_name":"stderr","time":279.609510041,"data":"/usr/local/lib/python3.12/dist-packages/scipy/_lib/_array_api.py in \u003cmodule\u003e\n"}
,{"stream_name":"stderr","time":279.609513791,"data":"     23 \n"}
,{"stream_name":"stderr","time":279.609517145,"data":"     24 from scipy._lib import array_api_compat\n"}
,{"stream_name":"stderr","time":279.609521538,"data":"---\u003e 25 from scipy._lib.array_api_compat import (\n"}
,{"stream_name":"stderr","time":279.609524932,"data":"     26     is_array_api_obj,\n"}
,{"stream_name":"stderr","time":279.609528247,"data":"     27     is_lazy_array,\n"}
,{"stream_name":"stderr","time":279.60953181,"data":"\n"}
,{"stream_name":"stderr","time":279.609535564,"data":"/usr/local/lib/python3.12/dist-packages/scipy/_lib/array_api_compat/numpy/__init__.py in \u003cmodule\u003e\n"}
,{"stream_name":"stderr","time":279.609539949,"data":"      2 from typing import Final\n"}
,{"stream_name":"stderr","time":279.609543752,"data":"      3 \n"}
,{"stream_name":"stderr","time":279.609547405,"data":"----\u003e 4 from numpy import *  # noqa: F403  # pyright: ignore[reportWildcardImportFromLibrary]\n"}
,{"stream_name":"stderr","time":279.609551443,"data":"      5 \n"}
,{"stream_name":"stderr","time":279.609554646,"data":"      6 # from numpy import * doesn't overwrite these builtin names\n"}
,{"stream_name":"stderr","time":279.609558725,"data":"\n"}
,{"stream_name":"stderr","time":279.609562394,"data":"/usr/local/lib/python3.12/dist-packages/numpy/testing/__init__.py in \u003cmodule\u003e\n"}
,{"stream_name":"stderr","time":279.60956628,"data":"      9 \n"}
,{"stream_name":"stderr","time":279.609569592,"data":"     10 from . import _private, overrides\n"}
,{"stream_name":"stderr","time":279.60957351,"data":"---\u003e 11 from ._private import extbuild\n"}
,{"stream_name":"stderr","time":279.609577514,"data":"     12 from ._private.utils import *\n"}
,{"stream_name":"stderr","time":279.609581423,"data":"     13 from ._private.utils import _assert_valid_refcount, _gen_alignment_data\n"}
,{"stream_name":"stderr","time":279.60958505,"data":"\n"}
,{"stream_name":"stderr","time":279.609589545,"data":"/usr/local/lib/python3.12/dist-packages/numpy/testing/_private/extbuild.py in \u003cmodule\u003e\n"}
,{"stream_name":"stderr","time":279.609592972,"data":"     11 import textwrap\n"}
,{"stream_name":"stderr","time":279.609596822,"data":"     12 \n"}
,{"stream_name":"stderr","time":279.609600075,"data":"---\u003e 13 from .utils import run_subprocess\n"}
,{"stream_name":"stderr","time":279.609603861,"data":"     14 \n"}
,{"stream_name":"stderr","time":279.609607277,"data":"     15 __all__ = ['build_and_import_extension', 'compile_extension_module']\n"}
,{"stream_name":"stderr","time":279.609611353,"data":"\n"}
,{"stream_name":"stderr","time":279.609614453,"data":"/usr/local/lib/python3.12/dist-packages/numpy/testing/_private/utils.py in \u003cmodule\u003e\n"}
,{"stream_name":"stderr","time":279.609618202,"data":"     92 IS_PYSTON = hasattr(sys, \"pyston_version_info\")\n"}
,{"stream_name":"stderr","time":279.609622031,"data":"     93 HAS_REFCOUNT = getattr(sys, 'getrefcount', None) is not None and not IS_PYSTON\n"}
,{"stream_name":"stderr","time":279.609625955,"data":"---\u003e 94 BLAS_SUPPORTS_FPE = np._core._multiarray_umath._blas_supports_fpe(None)\n"}
,{"stream_name":"stderr","time":279.609633577,"data":"     95 \n"}
,{"stream_name":"stderr","time":279.609637124,"data":"     96 HAS_LAPACK64 = numpy.linalg._umath_linalg._ilp64\n"}
,{"stream_name":"stderr","time":279.609640779,"data":"\n"}
,{"stream_name":"stderr","time":279.609644187,"data":"AttributeError: module 'numpy._core._multiarray_umath' has no attribute '_blas_supports_fpe'\n"}
,{"stream_name":"stderr","time":279.609647659,"data":"\n"}
,{"stream_name":"stderr","time":281.899797128,"data":"/usr/local/lib/python3.12/dist-packages/mistune.py:435: SyntaxWarning: invalid escape sequence '\\|'\n"}
,{"stream_name":"stderr","time":281.899824262,"data":"  cells[i][c] = re.sub('\\\\\\\\\\|', '|', cell)\n"}
,{"stream_name":"stderr","time":282.08747377,"data":"/usr/local/lib/python3.12/dist-packages/nbconvert/filters/filter_links.py:36: SyntaxWarning: invalid escape sequence '\\_'\n"}
,{"stream_name":"stderr","time":282.087500974,"data":"  text = re.sub(r'_', '\\_', text) # Escape underscores in display text\n"}
,{"stream_name":"stderr","time":284.521594555,"data":"[NbConvertApp] Converting notebook __notebook__.ipynb to notebook\n"}
,{"stream_name":"stderr","time":284.827243417,"data":"[NbConvertApp] Writing 70470 bytes to __notebook__.ipynb\n"}
,{"stream_name":"stderr","time":287.210106488,"data":"[NbConvertApp] Converting notebook __notebook__.ipynb to html\n"}
,{"stream_name":"stderr","time":288.229833986,"data":"[NbConvertApp] Writing 500711 bytes to __results__.html\n"}
]